  state 0 OK -> Start a new game
->debug_test(easy)
  state 1 OK -> Fire Away!
     1  2  3  4
  A  _  _  _  _
  B  _  _  _  v
  C  _  _  h  v
  D  _  _  _  _
  Current Game (debug): 1
  Shots: 0/8
  Bombs: 0/2
  Score: 0/3 (Total: 0/3)
  Ships: 0/2
    2x1: [B, 4]->v;[C, 4]->v
    1x1: [C, 3]->h
->fire([A, 4])
  state 2 OK -> Miss! Keep Firing!
     1  2  3  4
  A  _  _  _  O
  B  _  _  _  v
  C  _  _  h  v
  D  _  _  _  _
  Current Game (debug): 1
  Shots: 1/8
  Bombs: 0/2
  Score: 0/3 (Total: 0/3)
  Ships: 0/2
    2x1: [B, 4]->v;[C, 4]->v
    1x1: [C, 3]->h
->fire([B, 4])
  state 3 OK -> Hit! Keep Firing!
     1  2  3  4
  A  _  _  _  O
  B  _  _  _  X
  C  _  _  h  v
  D  _  _  _  _
  Current Game (debug): 1
  Shots: 2/8
  Bombs: 0/2
  Score: 0/3 (Total: 0/3)
  Ships: 0/2
    2x1: [B, 4]->X;[C, 4]->v
    1x1: [C, 3]->h
->bomb([C, 4],[D, 4])
  state 4 OK -> 2x1 ship sunk! Keep Firing!
     1  2  3  4
  A  _  _  _  O
  B  _  _  _  X
  C  _  _  h  X
  D  _  _  _  O
  Current Game (debug): 1
  Shots: 2/8
  Bombs: 1/2
  Score: 2/3 (Total: 2/3)
  Ships: 1/2
    2x1: [B, 4]->X;[C, 4]->X
    1x1: [C, 3]->h
->bomb([C, 3],[C, 2])
  state 5 OK -> 1x1 ship sunk! You Win!
     1  2  3  4
  A  _  _  _  O
  B  _  _  _  X
  C  _  O  X  X
  D  _  _  _  O
  Current Game (debug): 1
  Shots: 2/8
  Bombs: 2/2
  Score: 3/3 (Total: 3/3)
  Ships: 2/2
    2x1: [B, 4]->X;[C, 4]->X
    1x1: [C, 3]->X
->debug_test(medium)
  state 6 OK -> Fire Away!
     1  2  3  4  5  6
  A  _  _  _  _  _  _
  B  _  _  _  _  _  _
  C  _  _  _  v  _  _
  D  _  _  _  v  _  _
  E  _  v  _  v  _  _
  F  _  v  _  v  _  _
  Current Game (debug): 2
  Shots: 0/16
  Bombs: 0/3
  Score: 0/6 (Total: 3/9)
  Ships: 0/3
    3x1: [D, 4]->v;[E, 4]->v;[F, 4]->v
    2x1: [E, 2]->v;[F, 2]->v
    1x1: [C, 4]->v
->bomb([A, 1],[A, 2])
  state 7 OK -> Miss! Keep Firing!
     1  2  3  4  5  6
  A  O  O  _  _  _  _
  B  _  _  _  _  _  _
  C  _  _  _  v  _  _
  D  _  _  _  v  _  _
  E  _  v  _  v  _  _
  F  _  v  _  v  _  _
  Current Game (debug): 2
  Shots: 0/16
  Bombs: 1/3
  Score: 0/6 (Total: 3/9)
  Ships: 0/3
    3x1: [D, 4]->v;[E, 4]->v;[F, 4]->v
    2x1: [E, 2]->v;[F, 2]->v
    1x1: [C, 4]->v
->bomb([A, 4],[A, 3])
  state 8 OK -> Miss! Keep Firing!
     1  2  3  4  5  6
  A  O  O  O  O  _  _
  B  _  _  _  _  _  _
  C  _  _  _  v  _  _
  D  _  _  _  v  _  _
  E  _  v  _  v  _  _
  F  _  v  _  v  _  _
  Current Game (debug): 2
  Shots: 0/16
  Bombs: 2/3
  Score: 0/6 (Total: 3/9)
  Ships: 0/3
    3x1: [D, 4]->v;[E, 4]->v;[F, 4]->v
    2x1: [E, 2]->v;[F, 2]->v
    1x1: [C, 4]->v
->bomb([A, 5],[A, 6])
  state 9 OK -> Miss! Keep Firing!
     1  2  3  4  5  6
  A  O  O  O  O  O  O
  B  _  _  _  _  _  _
  C  _  _  _  v  _  _
  D  _  _  _  v  _  _
  E  _  v  _  v  _  _
  F  _  v  _  v  _  _
  Current Game (debug): 2
  Shots: 0/16
  Bombs: 3/3
  Score: 0/6 (Total: 3/9)
  Ships: 0/3
    3x1: [D, 4]->v;[E, 4]->v;[F, 4]->v
    2x1: [E, 2]->v;[F, 2]->v
    1x1: [C, 4]->v
->fire([B, 1])
  state 10 OK -> Miss! Keep Firing!
     1  2  3  4  5  6
  A  O  O  O  O  O  O
  B  O  _  _  _  _  _
  C  _  _  _  v  _  _
  D  _  _  _  v  _  _
  E  _  v  _  v  _  _
  F  _  v  _  v  _  _
  Current Game (debug): 2
  Shots: 1/16
  Bombs: 3/3
  Score: 0/6 (Total: 3/9)
  Ships: 0/3
    3x1: [D, 4]->v;[E, 4]->v;[F, 4]->v
    2x1: [E, 2]->v;[F, 2]->v
    1x1: [C, 4]->v
->fire([B, 2])
  state 11 OK -> Miss! Keep Firing!
     1  2  3  4  5  6
  A  O  O  O  O  O  O
  B  O  O  _  _  _  _
  C  _  _  _  v  _  _
  D  _  _  _  v  _  _
  E  _  v  _  v  _  _
  F  _  v  _  v  _  _
  Current Game (debug): 2
  Shots: 2/16
  Bombs: 3/3
  Score: 0/6 (Total: 3/9)
  Ships: 0/3
    3x1: [D, 4]->v;[E, 4]->v;[F, 4]->v
    2x1: [E, 2]->v;[F, 2]->v
    1x1: [C, 4]->v
->fire([B, 3])
  state 12 OK -> Miss! Keep Firing!
     1  2  3  4  5  6
  A  O  O  O  O  O  O
  B  O  O  O  _  _  _
  C  _  _  _  v  _  _
  D  _  _  _  v  _  _
  E  _  v  _  v  _  _
  F  _  v  _  v  _  _
  Current Game (debug): 2
  Shots: 3/16
  Bombs: 3/3
  Score: 0/6 (Total: 3/9)
  Ships: 0/3
    3x1: [D, 4]->v;[E, 4]->v;[F, 4]->v
    2x1: [E, 2]->v;[F, 2]->v
    1x1: [C, 4]->v
->fire([B, 4])
  state 13 OK -> Miss! Keep Firing!
     1  2  3  4  5  6
  A  O  O  O  O  O  O
  B  O  O  O  O  _  _
  C  _  _  _  v  _  _
  D  _  _  _  v  _  _
  E  _  v  _  v  _  _
  F  _  v  _  v  _  _
  Current Game (debug): 2
  Shots: 4/16
  Bombs: 3/3
  Score: 0/6 (Total: 3/9)
  Ships: 0/3
    3x1: [D, 4]->v;[E, 4]->v;[F, 4]->v
    2x1: [E, 2]->v;[F, 2]->v
    1x1: [C, 4]->v
->fire([B, 5])
  state 14 OK -> Miss! Keep Firing!
     1  2  3  4  5  6
  A  O  O  O  O  O  O
  B  O  O  O  O  O  _
  C  _  _  _  v  _  _
  D  _  _  _  v  _  _
  E  _  v  _  v  _  _
  F  _  v  _  v  _  _
  Current Game (debug): 2
  Shots: 5/16
  Bombs: 3/3
  Score: 0/6 (Total: 3/9)
  Ships: 0/3
    3x1: [D, 4]->v;[E, 4]->v;[F, 4]->v
    2x1: [E, 2]->v;[F, 2]->v
    1x1: [C, 4]->v
->fire([B, 6])
  state 15 OK -> Miss! Keep Firing!
     1  2  3  4  5  6
  A  O  O  O  O  O  O
  B  O  O  O  O  O  O
  C  _  _  _  v  _  _
  D  _  _  _  v  _  _
  E  _  v  _  v  _  _
  F  _  v  _  v  _  _
  Current Game (debug): 2
  Shots: 6/16
  Bombs: 3/3
  Score: 0/6 (Total: 3/9)
  Ships: 0/3
    3x1: [D, 4]->v;[E, 4]->v;[F, 4]->v
    2x1: [E, 2]->v;[F, 2]->v
    1x1: [C, 4]->v
->fire([C, 1])
  state 16 OK -> Miss! Keep Firing!
     1  2  3  4  5  6
  A  O  O  O  O  O  O
  B  O  O  O  O  O  O
  C  O  _  _  v  _  _
  D  _  _  _  v  _  _
  E  _  v  _  v  _  _
  F  _  v  _  v  _  _
  Current Game (debug): 2
  Shots: 7/16
  Bombs: 3/3
  Score: 0/6 (Total: 3/9)
  Ships: 0/3
    3x1: [D, 4]->v;[E, 4]->v;[F, 4]->v
    2x1: [E, 2]->v;[F, 2]->v
    1x1: [C, 4]->v
->fire([C, 2])
  state 17 OK -> Miss! Keep Firing!
     1  2  3  4  5  6
  A  O  O  O  O  O  O
  B  O  O  O  O  O  O
  C  O  O  _  v  _  _
  D  _  _  _  v  _  _
  E  _  v  _  v  _  _
  F  _  v  _  v  _  _
  Current Game (debug): 2
  Shots: 8/16
  Bombs: 3/3
  Score: 0/6 (Total: 3/9)
  Ships: 0/3
    3x1: [D, 4]->v;[E, 4]->v;[F, 4]->v
    2x1: [E, 2]->v;[F, 2]->v
    1x1: [C, 4]->v
->fire([C, 3])
  state 18 OK -> Miss! Keep Firing!
     1  2  3  4  5  6
  A  O  O  O  O  O  O
  B  O  O  O  O  O  O
  C  O  O  O  v  _  _
  D  _  _  _  v  _  _
  E  _  v  _  v  _  _
  F  _  v  _  v  _  _
  Current Game (debug): 2
  Shots: 9/16
  Bombs: 3/3
  Score: 0/6 (Total: 3/9)
  Ships: 0/3
    3x1: [D, 4]->v;[E, 4]->v;[F, 4]->v
    2x1: [E, 2]->v;[F, 2]->v
    1x1: [C, 4]->v
->fire([C, 4])
  state 19 OK -> 1x1 ship sunk! Keep Firing!
     1  2  3  4  5  6
  A  O  O  O  O  O  O
  B  O  O  O  O  O  O
  C  O  O  O  X  _  _
  D  _  _  _  v  _  _
  E  _  v  _  v  _  _
  F  _  v  _  v  _  _
  Current Game (debug): 2
  Shots: 10/16
  Bombs: 3/3
  Score: 1/6 (Total: 4/9)
  Ships: 1/3
    3x1: [D, 4]->v;[E, 4]->v;[F, 4]->v
    2x1: [E, 2]->v;[F, 2]->v
    1x1: [C, 4]->X
->fire([C, 5])
  state 20 OK -> Miss! Keep Firing!
     1  2  3  4  5  6
  A  O  O  O  O  O  O
  B  O  O  O  O  O  O
  C  O  O  O  X  O  _
  D  _  _  _  v  _  _
  E  _  v  _  v  _  _
  F  _  v  _  v  _  _
  Current Game (debug): 2
  Shots: 11/16
  Bombs: 3/3
  Score: 1/6 (Total: 4/9)
  Ships: 1/3
    3x1: [D, 4]->v;[E, 4]->v;[F, 4]->v
    2x1: [E, 2]->v;[F, 2]->v
    1x1: [C, 4]->X
->fire([C, 6])
  state 21 OK -> Miss! Keep Firing!
     1  2  3  4  5  6
  A  O  O  O  O  O  O
  B  O  O  O  O  O  O
  C  O  O  O  X  O  O
  D  _  _  _  v  _  _
  E  _  v  _  v  _  _
  F  _  v  _  v  _  _
  Current Game (debug): 2
  Shots: 12/16
  Bombs: 3/3
  Score: 1/6 (Total: 4/9)
  Ships: 1/3
    3x1: [D, 4]->v;[E, 4]->v;[F, 4]->v
    2x1: [E, 2]->v;[F, 2]->v
    1x1: [C, 4]->X
->fire([D, 1])
  state 22 OK -> Miss! Keep Firing!
     1  2  3  4  5  6
  A  O  O  O  O  O  O
  B  O  O  O  O  O  O
  C  O  O  O  X  O  O
  D  O  _  _  v  _  _
  E  _  v  _  v  _  _
  F  _  v  _  v  _  _
  Current Game (debug): 2
  Shots: 13/16
  Bombs: 3/3
  Score: 1/6 (Total: 4/9)
  Ships: 1/3
    3x1: [D, 4]->v;[E, 4]->v;[F, 4]->v
    2x1: [E, 2]->v;[F, 2]->v
    1x1: [C, 4]->X
->fire([D, 2])
  state 23 OK -> Miss! Keep Firing!
     1  2  3  4  5  6
  A  O  O  O  O  O  O
  B  O  O  O  O  O  O
  C  O  O  O  X  O  O
  D  O  O  _  v  _  _
  E  _  v  _  v  _  _
  F  _  v  _  v  _  _
  Current Game (debug): 2
  Shots: 14/16
  Bombs: 3/3
  Score: 1/6 (Total: 4/9)
  Ships: 1/3
    3x1: [D, 4]->v;[E, 4]->v;[F, 4]->v
    2x1: [E, 2]->v;[F, 2]->v
    1x1: [C, 4]->X
->fire([D, 3])
  state 24 OK -> Miss! Keep Firing!
     1  2  3  4  5  6
  A  O  O  O  O  O  O
  B  O  O  O  O  O  O
  C  O  O  O  X  O  O
  D  O  O  O  v  _  _
  E  _  v  _  v  _  _
  F  _  v  _  v  _  _
  Current Game (debug): 2
  Shots: 15/16
  Bombs: 3/3
  Score: 1/6 (Total: 4/9)
  Ships: 1/3
    3x1: [D, 4]->v;[E, 4]->v;[F, 4]->v
    2x1: [E, 2]->v;[F, 2]->v
    1x1: [C, 4]->X
->fire([D, 4])
  state 25 OK -> Hit! Game Over!
     1  2  3  4  5  6
  A  O  O  O  O  O  O
  B  O  O  O  O  O  O
  C  O  O  O  X  O  O
  D  O  O  O  X  _  _
  E  _  v  _  v  _  _
  F  _  v  _  v  _  _
  Current Game (debug): 2
  Shots: 16/16
  Bombs: 3/3
  Score: 1/6 (Total: 4/9)
  Ships: 1/3
    3x1: [D, 4]->X;[E, 4]->v;[F, 4]->v
    2x1: [E, 2]->v;[F, 2]->v
    1x1: [C, 4]->X
->debug_test(hard)
  state 26 OK -> Fire Away!
     1  2  3  4  5  6  7  8
  A  _  _  h  h  h  _  _  _
  B  _  _  _  _  _  _  _  v
  C  _  h  h  h  h  h  _  v
  D  _  _  _  _  _  _  _  v
  E  _  _  _  _  _  _  _  v
  F  _  _  _  _  _  h  _  _
  G  _  _  _  _  _  _  _  _
  H  _  _  _  _  _  h  h  _
  Current Game (debug): 3
  Shots: 0/24
  Bombs: 0/5
  Score: 0/15 (Total: 4/24)
  Ships: 0/5
    5x1: [C, 2]->h;[C, 3]->h;[C, 4]->h;[C, 5]->h;[C, 6]->h
    4x1: [B, 8]->v;[C, 8]->v;[D, 8]->v;[E, 8]->v
    3x1: [A, 3]->h;[A, 4]->h;[A, 5]->h
    2x1: [H, 6]->h;[H, 7]->h
    1x1: [F, 6]->h
